13:57:35 **** Incremental Build of configuration Debug for project midi_genie ****
make all 
Building file: ../src/main.cpp
Invoking: MicroBlaze g++ compiler
mb-g++ -Wall -O0 -g3 -c -fmessage-length=0 -MT"src/main.o" -I/home/trainmaster2/Documents/midi-genie/midi-genie/software/midi_genie_hw/export/midi_genie_hw/sw/midi_genie_hw/standalone_microblaze_0/bspinclude/include -mlittle-endian -mcpu=v11.0 -mxl-soft-mul -Wl,--no-relax -ffunction-sections -fdata-sections -MMD -MP -MF"src/main.d" -MT"src/main.o" -o "src/main.o" "../src/main.cpp"
Finished building: ../src/main.cpp
 
Building target: midi_genie.elf
Invoking: MicroBlaze g++ linker
mb-g++ -Wl,-T -Wl,../src/lscript.ld -L/home/trainmaster2/Documents/midi-genie/midi-genie/software/midi_genie_hw/export/midi_genie_hw/sw/midi_genie_hw/standalone_microblaze_0/bsplib/lib -mlittle-endian -mcpu=v11.0 -mxl-soft-mul -Wl,--no-relax -Wl,--gc-sections -o "midi_genie.elf" ./src/main.o   -Wl,--start-group,-lxil,-lgcc,-lc,-lstdc++,--end-group
Finished building target: midi_genie.elf
 
Invoking: MicroBlaze Print Size
mb-size midi_genie.elf  |tee "midi_genie.elf.size"
   text	   data	    bss	    dec	    hex	filename
  29256	    324	   3108	  32688	   7fb0	midi_genie.elf
Finished building: midi_genie.elf.size
 

13:57:36 Build Finished (took 987ms)

