22:38:54 **** Incremental Build of configuration Debug for project midi_genie ****
make all 
Building file: ../src/midi.cpp
Invoking: MicroBlaze g++ compiler
mb-g++ -Wall -O0 -g3 -c -fmessage-length=0 -MT"src/midi.o" -I/home/trainmaster2/Documents/midi-genie/midi-genie/software/midi_genie_hw/export/midi_genie_hw/sw/midi_genie_hw/standalone_microblaze_0/bspinclude/include -mlittle-endian -mno-xl-soft-div -mcpu=v11.0 -mno-xl-soft-mul -mhard-float -Wl,--no-relax -ffunction-sections -fdata-sections -MMD -MP -MF"src/midi.d" -MT"src/midi.o" -o "src/midi.o" "../src/midi.cpp"
Finished building: ../src/midi.cpp
 
Building target: midi_genie.elf
Invoking: MicroBlaze g++ linker
mb-g++ -Wl,-T -Wl,../src/lscript.ld -L/home/trainmaster2/Documents/midi-genie/midi-genie/software/midi_genie_hw/export/midi_genie_hw/sw/midi_genie_hw/standalone_microblaze_0/bsplib/lib -mlittle-endian -mno-xl-soft-div -mcpu=v11.0 -mno-xl-soft-mul -mhard-float -Wl,--no-relax -Wl,--gc-sections -o "midi_genie.elf" ./src/apu.o ./src/calc.o ./src/main.o ./src/midi.o   -Wl,--start-group,-lxil,-lgcc,-lc,-lstdc++,--end-group
Finished building target: midi_genie.elf
 
Invoking: MicroBlaze Print Size
mb-size midi_genie.elf  |tee "midi_genie.elf.size"
   text	   data	    bss	    dec	    hex	filename
  35484	    328	   6380	  42192	   a4d0	midi_genie.elf
Finished building: midi_genie.elf.size
 

22:38:55 Build Finished (took 720ms)

